AR exe_wdmux behavioral C:/Users/zsh/Desktop/CPUsim2/CPUsim/CPU2/exe_wdmux.vhd sub00/vhpl27 1543938812
AR op1_mux behavioral C:/Users/zsh/Desktop/CPUsim2/CPUsim/CPU2/op1_mux.vhd sub00/vhpl23 1543938808
AR fontrom fontrom_a C:/Users/zsh/Desktop/CPUsim2/CPUsim/CPU2/ipcore_dir/fontRom.vhd sub00/vhpl45 1543938832
EN op2_mux NULL C:/Users/zsh/Desktop/CPUsim2/CPUsim/CPU2/op2_mux.vhd sub00/vhpl24 1543938809
EN id_exe_component NULL C:/Users/zsh/Desktop/CPUsim2/CPUsim/CPU2/id_exe_component.vhd sub00/vhpl18 1543938803
AR branch_component behavioral C:/Users/zsh/Desktop/CPUsim2/CPUsim/CPU2/branch_component.vhd sub00/vhpl41 1543938826
AR control_component behavioral C:/Users/zsh/Desktop/CPUsim2/CPUsim/CPU2/control_component.vhd sub00/vhpl13 1543938798
EN extend_component NULL C:/Users/zsh/Desktop/CPUsim2/CPUsim/CPU2/extend_component.vhd sub00/vhpl16 1543938801
EN writeback_mux NULL C:/Users/zsh/Desktop/CPUsim2/CPUsim/CPU2/writeback_mux.vhd sub00/vhpl38 1543938823
AR extend_component behavioral C:/Users/zsh/Desktop/CPUsim2/CPUsim/CPU2/extend_component.vhd sub00/vhpl17 1543938802
AR pcadder4_component behavioral C:/Users/zsh/Desktop/CPUsim2/CPUsim/CPU2/pcadder4_component.vhd sub00/vhpl05 1543938790
AR exe_mem_component behavioral C:/Users/zsh/Desktop/CPUsim2/CPUsim/CPU2/exe_mem_component.vhd sub00/vhpl35 1543938820
EN exe_mem_component NULL C:/Users/zsh/Desktop/CPUsim2/CPUsim/CPU2/exe_mem_component.vhd sub00/vhpl34 1543938819
EN forward_component NULL C:/Users/zsh/Desktop/CPUsim2/CPUsim/CPU2/forward_component.vhd sub00/vhpl30 1543938815
AR if_id_component behavioral C:/Users/zsh/Desktop/CPUsim2/CPUsim/CPU2/if_id_component.vhd sub00/vhpl11 1543938796
AR stall_component behavioral C:/Users/zsh/Desktop/CPUsim2/CPUsim/CPU2/stall_component.vhd sub00/vhpl09 1543938794
EN exe_wdmux NULL C:/Users/zsh/Desktop/CPUsim2/CPUsim/CPU2/exe_wdmux.vhd sub00/vhpl26 1543938811
EN control_component NULL C:/Users/zsh/Desktop/CPUsim2/CPUsim/CPU2/control_component.vhd sub00/vhpl12 1543938797
EN wd_forward NULL C:/Users/zsh/Desktop/CPUsim2/CPUsim/CPU2/wd_forward.vhd sub00/vhpl32 1543938817
EN vga NULL C:/Users/zsh/Desktop/CPUsim2/CPUsim/CPU2/vga.vhd sub00/vhpl46 1543938833
AR mem_wdmux behavioral C:/Users/zsh/Desktop/CPUsim2/CPUsim/CPU2/mem_wdmux.vhd sub00/vhpl37 1543938822
AR vga behave C:/Users/zsh/Desktop/CPUsim2/CPUsim/CPU2/vga.vhd sub00/vhpl47 1543938834
EN top NULL C:/Users/zsh/Desktop/CPUsim2/CPUsim/CPU2/top.vhd sub00/vhpl50 1543938839
AR writeback_mux behavioral C:/Users/zsh/Desktop/CPUsim2/CPUsim/CPU2/writeback_mux.vhd sub00/vhpl39 1543938824
AR op2_mux behavioral C:/Users/zsh/Desktop/CPUsim2/CPUsim/CPU2/op2_mux.vhd sub00/vhpl25 1543938810
EN newpc_mux NULL C:/Users/zsh/Desktop/CPUsim2/CPUsim/CPU2/newpc_mux.vhd sub00/vhpl06 1543938791
AR cpu1_component behavioral C:/Users/zsh/Desktop/CPUsim2/CPUsim/CPU2/cpu1_component.vhd sub00/vhpl49 1543938838
AR keyboard_0 behavioral C:/Users/zsh/Desktop/CPUsim2/CPUsim/CPU2/keyboard_0.vhd sub00/vhpl53 1543938830
EN fontrom NULL C:/Users/zsh/Desktop/CPUsim2/CPUsim/CPU2/ipcore_dir/fontRom.vhd sub00/vhpl44 1543938831
AR id_exe_component behavioral C:/Users/zsh/Desktop/CPUsim2/CPUsim/CPU2/id_exe_component.vhd sub00/vhpl19 1543938804
AR memory_component behavioral C:/Users/zsh/Desktop/CPUsim2/CPUsim/CPU2/memory_component.vhd sub00/vhpl03 1543938788
EN stall_component NULL C:/Users/zsh/Desktop/CPUsim2/CPUsim/CPU2/stall_component.vhd sub00/vhpl08 1543938793
EN mem_wb_component NULL C:/Users/zsh/Desktop/CPUsim2/CPUsim/CPU2/mem_wb_component.vhd sub00/vhpl42 1543938827
EN keyboard_0 NULL C:/Users/zsh/Desktop/CPUsim2/CPUsim/CPU2/keyboard_0.vhd sub00/vhpl52 1543938829
EN mem_wdmux NULL C:/Users/zsh/Desktop/CPUsim2/CPUsim/CPU2/mem_wdmux.vhd sub00/vhpl36 1543938821
AR pc_component behavioral C:/Users/zsh/Desktop/CPUsim2/CPUsim/CPU2/pc_component.vhd sub00/vhpl01 1543938786
EN pcadder4_component NULL C:/Users/zsh/Desktop/CPUsim2/CPUsim/CPU2/pcadder4_component.vhd sub00/vhpl04 1543938789
AR ps2 behavioral C:/Users/zsh/Desktop/CPUsim2/CPUsim/CPU2/ps2.vhd sub00/vhpl55 1543938836
AR newpc_mux behavioral C:/Users/zsh/Desktop/CPUsim2/CPUsim/CPU2/newpc_mux.vhd sub00/vhpl07 1543938792
EN if_id_component NULL C:/Users/zsh/Desktop/CPUsim2/CPUsim/CPU2/if_id_component.vhd sub00/vhpl10 1543938795
AR wd_forward behavioral C:/Users/zsh/Desktop/CPUsim2/CPUsim/CPU2/wd_forward.vhd sub00/vhpl33 1543938818
EN ps2 NULL C:/Users/zsh/Desktop/CPUsim2/CPUsim/CPU2/ps2.vhd sub00/vhpl54 1543938835
EN cpu1_component NULL C:/Users/zsh/Desktop/CPUsim2/CPUsim/CPU2/cpu1_component.vhd sub00/vhpl48 1543938837
EN memory_component NULL C:/Users/zsh/Desktop/CPUsim2/CPUsim/CPU2/memory_component.vhd sub00/vhpl02 1543938787
AR forward_component behavioral C:/Users/zsh/Desktop/CPUsim2/CPUsim/CPU2/forward_component.vhd sub00/vhpl31 1543938816
EN branch_component NULL C:/Users/zsh/Desktop/CPUsim2/CPUsim/CPU2/branch_component.vhd sub00/vhpl40 1543938825
EN alu_component NULL C:/Users/zsh/Desktop/CPUsim2/CPUsim/CPU2/alu_component.vhd sub00/vhpl28 1543938813
AR pcadderimm_component behavioral C:/Users/zsh/Desktop/CPUsim2/CPUsim/CPU2/pcadderimm_component.vhd sub00/vhpl21 1543938806
EN pc_component NULL C:/Users/zsh/Desktop/CPUsim2/CPUsim/CPU2/pc_component.vhd sub00/vhpl00 1543938785
EN op1_mux NULL C:/Users/zsh/Desktop/CPUsim2/CPUsim/CPU2/op1_mux.vhd sub00/vhpl22 1543938807
AR alu_component behavioral C:/Users/zsh/Desktop/CPUsim2/CPUsim/CPU2/alu_component.vhd sub00/vhpl29 1543938814
EN reg_component NULL C:/Users/zsh/Desktop/CPUsim2/CPUsim/CPU2/reg_component.vhd sub00/vhpl14 1543938799
EN pcadderimm_component NULL C:/Users/zsh/Desktop/CPUsim2/CPUsim/CPU2/pcadderimm_component.vhd sub00/vhpl20 1543938805
AR mem_wb_component behavioral C:/Users/zsh/Desktop/CPUsim2/CPUsim/CPU2/mem_wb_component.vhd sub00/vhpl43 1543938828
AR reg_component behavioral C:/Users/zsh/Desktop/CPUsim2/CPUsim/CPU2/reg_component.vhd sub00/vhpl15 1543938800
AR top behavioral C:/Users/zsh/Desktop/CPUsim2/CPUsim/CPU2/top.vhd sub00/vhpl51 1543938840
